../Core/Src/main.c:84:5:main	40	static
../Core/Src/main.c:186:6:SystemClock_Config	72	static
../Core/Src/main.c:225:13:MX_TIM2_Init	64	static
../Core/Src/main.c:284:13:MX_TIM3_Init	64	static
../Core/Src/main.c:343:13:MX_TIM4_Init	64	static
../Core/Src/main.c:402:13:MX_USART1_UART_Init	8	static
../Core/Src/main.c:433:13:MX_DMA_Init	16	static
../Core/Src/main.c:454:13:MX_GPIO_Init	40	static
../Core/Src/main.c:499:6:HAL_TIM_PWM_PulseFinishedCallback	16	static
../Core/Src/main.c:522:6:HAL_GPIO_EXTI_Callback	16	static
../Core/Src/main.c:536:6:Error_Handler	4	static,ignoring_inline_asm
