../Core/Src/main.c:78:5:main	24	static
../Core/Src/main.c:157:6:SystemClock_Config	72	static
../Core/Src/main.c:196:13:MX_TIM2_Init	64	static
../Core/Src/main.c:255:13:MX_TIM3_Init	64	static
../Core/Src/main.c:314:13:MX_TIM4_Init	64	static
../Core/Src/main.c:373:13:MX_USART1_UART_Init	8	static
../Core/Src/main.c:404:13:MX_DMA_Init	16	static
../Core/Src/main.c:425:13:MX_GPIO_Init	40	static
../Core/Src/main.c:466:6:HAL_TIM_PWM_PulseFinishedCallback	16	static
../Core/Src/main.c:494:6:Error_Handler	4	static,ignoring_inline_asm
